// Jest Snapshot v1, https://goo.gl/fbAQLP

exports[`Calculator tests Renders Calculator component 1`] = `
Object {
  "asFragment": [Function],
  "baseElement": <body>
    <div>
      <div
        id="Calculator"
      >
        <div
          id="result"
        >
          0
        </div>
        <div
          class="pad"
        >
          <div
            class="utility"
          >
            <button
              type="button"
              value="AC"
            >
              AC
            </button>
            <button
              type="button"
              value="+/-"
            >
              +/-
            </button>
            <button
              type="button"
              value="%"
            >
              %
            </button>
          </div>
          <div
            class="numpad"
          >
            <button
              type="button"
              value="7"
            >
              7
            </button>
            <button
              type="button"
              value="8"
            >
              8
            </button>
            <button
              type="button"
              value="9"
            >
              9
            </button>
            <button
              type="button"
              value="4"
            >
              4
            </button>
            <button
              type="button"
              value="5"
            >
              5
            </button>
            <button
              type="button"
              value="6"
            >
              6
            </button>
            <button
              type="button"
              value="1"
            >
              1
            </button>
            <button
              type="button"
              value="2"
            >
              2
            </button>
            <button
              type="button"
              value="3"
            >
              3
            </button>
            <button
              class="numpad-0"
              type="button"
              value="0"
            >
              0
            </button>
            <button
              type="button"
              value="."
            >
              .
            </button>
          </div>
          <div
            class="rightSide"
          >
            <button
              type="button"
              value="รท"
            >
              รท
            </button>
            <button
              type="button"
              value="x"
            >
              x
            </button>
            <button
              type="button"
              value="-"
            >
              -
            </button>
            <button
              type="button"
              value="+"
            >
              +
            </button>
            <button
              type="button"
              value="="
            >
              =
            </button>
          </div>
        </div>
      </div>
    </div>
  </body>,
  "container": <div>
    <div
      id="Calculator"
    >
      <div
        id="result"
      >
        0
      </div>
      <div
        class="pad"
      >
        <div
          class="utility"
        >
          <button
            type="button"
            value="AC"
          >
            AC
          </button>
          <button
            type="button"
            value="+/-"
          >
            +/-
          </button>
          <button
            type="button"
            value="%"
          >
            %
          </button>
        </div>
        <div
          class="numpad"
        >
          <button
            type="button"
            value="7"
          >
            7
          </button>
          <button
            type="button"
            value="8"
          >
            8
          </button>
          <button
            type="button"
            value="9"
          >
            9
          </button>
          <button
            type="button"
            value="4"
          >
            4
          </button>
          <button
            type="button"
            value="5"
          >
            5
          </button>
          <button
            type="button"
            value="6"
          >
            6
          </button>
          <button
            type="button"
            value="1"
          >
            1
          </button>
          <button
            type="button"
            value="2"
          >
            2
          </button>
          <button
            type="button"
            value="3"
          >
            3
          </button>
          <button
            class="numpad-0"
            type="button"
            value="0"
          >
            0
          </button>
          <button
            type="button"
            value="."
          >
            .
          </button>
        </div>
        <div
          class="rightSide"
        >
          <button
            type="button"
            value="รท"
          >
            รท
          </button>
          <button
            type="button"
            value="x"
          >
            x
          </button>
          <button
            type="button"
            value="-"
          >
            -
          </button>
          <button
            type="button"
            value="+"
          >
            +
          </button>
          <button
            type="button"
            value="="
          >
            =
          </button>
        </div>
      </div>
    </div>
  </div>,
  "debug": [Function],
  "findAllByAltText": [Function],
  "findAllByDisplayValue": [Function],
  "findAllByLabelText": [Function],
  "findAllByPlaceholderText": [Function],
  "findAllByRole": [Function],
  "findAllByTestId": [Function],
  "findAllByText": [Function],
  "findAllByTitle": [Function],
  "findByAltText": [Function],
  "findByDisplayValue": [Function],
  "findByLabelText": [Function],
  "findByPlaceholderText": [Function],
  "findByRole": [Function],
  "findByTestId": [Function],
  "findByText": [Function],
  "findByTitle": [Function],
  "getAllByAltText": [Function],
  "getAllByDisplayValue": [Function],
  "getAllByLabelText": [Function],
  "getAllByPlaceholderText": [Function],
  "getAllByRole": [Function],
  "getAllByTestId": [Function],
  "getAllByText": [Function],
  "getAllByTitle": [Function],
  "getByAltText": [Function],
  "getByDisplayValue": [Function],
  "getByLabelText": [Function],
  "getByPlaceholderText": [Function],
  "getByRole": [Function],
  "getByTestId": [Function],
  "getByText": [Function],
  "getByTitle": [Function],
  "queryAllByAltText": [Function],
  "queryAllByDisplayValue": [Function],
  "queryAllByLabelText": [Function],
  "queryAllByPlaceholderText": [Function],
  "queryAllByRole": [Function],
  "queryAllByTestId": [Function],
  "queryAllByText": [Function],
  "queryAllByTitle": [Function],
  "queryByAltText": [Function],
  "queryByDisplayValue": [Function],
  "queryByLabelText": [Function],
  "queryByPlaceholderText": [Function],
  "queryByRole": [Function],
  "queryByTestId": [Function],
  "queryByText": [Function],
  "queryByTitle": [Function],
  "rerender": [Function],
  "unmount": [Function],
}
`;
